node : Unable to read 
C:\Users\Otaingenio\.gemini\antigravity\brain\a142147c-3d08-4be3-b7be-16fa2ac63ca7\portfolio-lxd\package.json
En línea: 1 Carácter: 179
+ ... tfolio-lxd; node ./node_modules/astro/astro.js build > build_output.t ...
+                 ~~~~~~~~~~~~~~~~~~~~~~~~~~~~~~~~~~~~~~~~~~~~~~~~~~~~~~~~~
    + CategoryInfo          : NotSpecified: (Unable to read ...xd\package.json:String) [], RemoteException
    + FullyQualifiedErrorId : NativeCommandError
 
  Location:
    C:\Users\Otaingenio\.gemini\antigravity\brain\a142147c-3d08-4be3-b7be-16fa2ac63ca7\portfolio-lxd\node_modules\vitef
u\src\index.js:41:11
  Stack trace:
    at file:///C:/Users/Otaingenio/.gemini/antigravity/brain/a142147c-3d08-4be3-b7be-16fa2ac63ca7/portfolio-lxd/node_mo
dules/vitefu/src/index.js:41:11
    at async createVite (file:///C:/Users/Otaingenio/.gemini/antigravity/brain/a142147c-3d08-4be3-b7be-16fa2ac63ca7/por
tfolio-lxd/node_modules/astro/dist/core/create-vite.js:61:27)
    at async AstroBuilder.run (file:///C:/Users/Otaingenio/.gemini/antigravity/brain/a142147c-3d08-4be3-b7be-16fa2ac63c
a7/portfolio-lxd/node_modules/astro/dist/core/build/index.js:180:23)
    at async build (file:///C:/Users/Otaingenio/.gemini/antigravity/brain/a142147c-3d08-4be3-b7be-16fa2ac63ca7/portfoli
o-lxd/node_modules/astro/dist/cli/build/index.js:24:3)
    at async cli (file:///C:/Users/Otaingenio/.gemini/antigravity/brain/a142147c-3d08-4be3-b7be-16fa2ac63ca7/portfolio-
lxd/node_modules/astro/dist/cli/index.js:175:5)
  Caused by:
  Unexpected token '﻿', "﻿{
  "name"... is not valid JSON
    at JSON.parse (<anonymous>)
    at async crawlFrameworkPkgs (file:///C:/Users/Otaingenio/.gemini/antigravity/brain/a142147c-3d08-4be3-b7be-16fa2ac6
3ca7/portfolio-lxd/node_modules/vitefu/src/index.js:40:19)
    at async AstroBuilder.setup (file:///C:/Users/Otaingenio/.gemini/antigravity/brain/a142147c-3d08-4be3-b7be-16fa2ac6
3ca7/portfolio-lxd/node_modules/astro/dist/core/build/index.js:86:24)
    at async build (file:///C:/Users/Otaingenio/.gemini/antigravity/brain/a142147c-3d08-4be3-b7be-16fa2ac63ca7/portfoli
o-lxd/node_modules/astro/dist/core/build/index.js:51:3)
    at async runCommand (file:///C:/Users/Otaingenio/.gemini/antigravity/brain/a142147c-3d08-4be3-b7be-16fa2ac63ca7/por
tfolio-lxd/node_modules/astro/dist/cli/index.js:147:7)
